// Jest Snapshot v1, https://goo.gl/fbAQLP

exports[`MovieOverview should render correctly 1`] = `
Array [
  <div
    className="movie-rating"
  >
    <div
      className="movie-rating__score"
    >
      9
    </div>
    <p
      className="movie-rating__meta"
    >
      <span
        className="movie-rating__level"
      >
        Awesome
      </span>
      <span
        className="movie-rating__count"
      >
        250
         ratings
      </span>
    </p>
  </div>,
  <div
    className="movie-card__text"
  >
    A British-American venture, the film was produced by 20th Century Fox, Regency Enterprises, GK Films, and Queen Films, with Fox serving as distributor. The film follows the singer's life from the formation of the band up to their 1985 Live Aid performance at the original Wembley Stadium.
    <p
      className="movie-card__director"
    >
      <strong>
        Director: 
        Bryan Singer
      </strong>
    </p>
    <p
      className="movie-card__starring"
    >
      <strong>
        Starring: 
        Rami Malek, Lucy Boynton, Gwilym Lee, Ben Hardy, Joe Mazzello, Aidan Gillen, Tom Hollander
         and other
      </strong>
    </p>
  </div>,
]
`;
