// Jest Snapshot v1, https://goo.gl/fbAQLP

exports[`MoviesList should render correctly 1`] = `
Array [
  <div
    className="catalog__movies-list"
  >
    <article
      className="small-movie-card catalog__movies-card"
      onMouseEnter={[Function]}
      onMouseLeave={[Function]}
    >
      <div
        className="small-movie-card__image"
        onClick={[Function]}
      >
        <video
          className="player__video"
        />
      </div>
      <h3
        className="small-movie-card__title"
      >
        <a
          className="small-movie-card__link"
          href="movie-page.html"
          onClick={[Function]}
        >
          Fantastic Beasts: The Crimes of Grindelwald
        </a>
      </h3>
    </article>
    <article
      className="small-movie-card catalog__movies-card"
      onMouseEnter={[Function]}
      onMouseLeave={[Function]}
    >
      <div
        className="small-movie-card__image"
        onClick={[Function]}
      >
        <video
          className="player__video"
        />
      </div>
      <h3
        className="small-movie-card__title"
      >
        <a
          className="small-movie-card__link"
          href="movie-page.html"
          onClick={[Function]}
        >
          Bohemian Rhapsody
        </a>
      </h3>
    </article>
  </div>,
  <div
    className="catalog__more"
  />,
]
`;
